[
    {
        "id": "9dbe944d-330e-40c1-94b2-3312b07a1355",
        "categorySlug": "teaching-techniques-unlocked",
        "name": "The Science of Learning: Cognitive Strategies That Work",
        "lastUpdated": null,
        "content": null,
        "tags": [],
        "vote": null,
        "featured": true
    },
    {
        "id": "9dbe944d-330e-40c1-94b2-3312b07b7589",
        "categorySlug": "student-centered-learning",
        "name": "Personalized Learning: Tailoring Education for Every Student",
        "lastUpdated": null,
        "content": null,
        "tags": [],
        "vote": null,
        "featured": false
    }
]