[
    {
        "id": "9dbe944d-330e-40c1-94b2-3312b07a7590",
        "categorySlug": "tech-driven-education",
        "name": "Gamification in Education: Transforming Classrooms into Playgrounds",
        "lastUpdated": null,
        "content": null,
        "tags": [],
        "vote": null,
        "featured": true
    }
]