[
    {
        "slug": "student-centered-learning",
        "name": "Student-Centered Learning",
        "description": "Focus on approaches that place students' needs, interests, and goals at the forefront of education.",
        "icon": null,
        "parentCategory": null,
        "subCategories": null
    }
]