[
    {
        "id": "9dbe944d-330e-40c1-94b2-3312b07c7547",
        "categorySlug": "student-centered-learning",
        "name": "From STEM to STEAM: The Power of Creativity in Education",
        "lastUpdated": null,
        "content": null,
        "tags": [],
        "vote": null,
        "featured": false
    },
    {
        "id": "9dbe944d-330e-40c1-94b2-3312b07b7589",
        "categorySlug": "student-centered-learning",
        "name": "Personalized Learning: Tailoring Education for Every Student",
        "lastUpdated": null,
        "content": null,
        "tags": [],
        "vote": null,
        "featured": false
    }
]