<!DOCTYPE html>
<html>
    <head>
        <meta charset="UTF-8" />
        <meta http-equiv="refresh" content="0;url='https://test.aidingapp.local'" />

        <title>Redirecting to https://test.aidingapp.local</title>
    </head>
    <body>
        Redirecting to <a href="https://test.aidingapp.local">https://test.aidingapp.local</a>.
    </body>
</html>