{"data":[{"id":"9f18838a-051d-441a-afc8-ded84bb070be","name":"Google","domain":"https:\/\/google.com","latest_history":{"id":"9f18ac66-7369-4282-b834-9f672f49b2bc","response_time":0.123,"succeeded":true,"response":200,"service_monitoring_target_id":"9f18838a-051d-441a-afc8-ded84bb070be","status_message":"No known issues at this time"}}],"meta":{"current_page":1,"from":1,"last_page":1,"path":"https:\/\/test.aidingapp.local\/api\/portal\/status","per_page":15,"to":1,"total":1,"first_page_url":"https:\/\/test.aidingapp.local\/api\/portal\/status?page=1","last_page_url":"https:\/\/test.aidingapp.local\/api\/portal\/status?page=1","next_page_url":null,"prev_page_url":null,"links":[{"url":null,"label":"&laquo; Previous","active":false},{"url":"https:\/\/test.aidingapp.local\/api\/portal\/status?page=1","label":"1","active":true},{"url":null,"label":"Next &raquo;","active":false}]}}